[INFO] Scanning for projects...
[INFO] 
[INFO] ---------------------< org.example:YourChoiceShop >---------------------
[INFO] Building YourChoiceShop 0.0.1-SNAPSHOT
[INFO]   from pom.xml
[INFO] --------------------------------[ jar ]---------------------------------
[INFO] 
[INFO] --- resources:3.3.1:resources (default-resources) @ YourChoiceShop ---
[INFO] Copying 16 resources from src\main\resources to target\classes
[INFO] 
[INFO] --- compiler:3.11.0:compile (default-compile) @ YourChoiceShop ---
[INFO] Changes detected - recompiling the module! :source
[INFO] Compiling 154 source files with javac [debug release 17] to target\classes
[WARNING] /C:/Users/nope/Documents/GitHub/yourChoice_Shop/backend/src/main/java/org/example/yourchoiceshop/entity/GiaoCa.java:[10,1] Generating equals/hashCode implementation but without a call to superclass, even though this class does not extend java.lang.Object. If this is intentional, add '@EqualsAndHashCode(callSuper=false)' to your type.
[WARNING] /C:/Users/nope/Documents/GitHub/yourChoice_Shop/backend/src/main/java/org/example/yourchoiceshop/entity/LichLamViec.java:[11,1] Generating equals/hashCode implementation but without a call to superclass, even though this class does not extend java.lang.Object. If this is intentional, add '@EqualsAndHashCode(callSuper=false)' to your type.
[WARNING] /C:/Users/nope/Documents/GitHub/yourChoice_Shop/backend/src/main/java/org/example/yourchoiceshop/entity/NhanVien.java:[6,36] Generating equals/hashCode implementation but without a call to superclass, even though this class does not extend java.lang.Object. If this is intentional, add '@EqualsAndHashCode(callSuper=false)' to your type.
[WARNING] /C:/Users/nope/Documents/GitHub/yourChoice_Shop/backend/src/main/java/org/example/yourchoiceshop/entity/CaLamViec.java:[12,1] Generating equals/hashCode implementation but without a call to superclass, even though this class does not extend java.lang.Object. If this is intentional, add '@EqualsAndHashCode(callSuper=false)' to your type.
[INFO] /C:/Users/nope/Documents/GitHub/yourChoice_Shop/backend/src/main/java/org/example/yourchoiceshop/repository/StatisticRepositoryImpl.java: Some input files use unchecked or unsafe operations.
[INFO] /C:/Users/nope/Documents/GitHub/yourChoice_Shop/backend/src/main/java/org/example/yourchoiceshop/repository/StatisticRepositoryImpl.java: Recompile with -Xlint:unchecked for details.
[INFO] ------------------------------------------------------------------------
[INFO] BUILD SUCCESS
[INFO] ------------------------------------------------------------------------
[INFO] Total time:  6.886 s
[INFO] Finished at: 2026-03-02T23:43:38+07:00
[INFO] ------------------------------------------------------------------------
